FAB Price Scraper - FULL CATALOG TEST (no DB writes)
Paginating through all products per retailer...


======================================================================
  Invasion Comics
======================================================================
  Page 1: 250 products (total: 250)
  Page 2: 250 products (total: 500)
  Page 3: 250 products (total: 750)
  Page 4: 250 products (total: 1000)
  Page 5: 250 products (total: 1250)
  Page 6: 250 products (total: 1500)
  Page 7: 250 products (total: 1750)
  Page 8: 250 products (total: 2000)
  Page 9: 250 products (total: 2250)
  Page 10: 250 products (total: 2500)
  Page 11: 250 products (total: 2750)
  Page 12: 250 products (total: 3000)
  Page 13: 250 products (total: 3250)
  Page 14: 250 products (total: 3500)
  Page 15: 250 products (total: 3750)
  Page 16: 250 products (total: 4000)
  Page 17: 250 products (total: 4250)
  Page 18: 250 products (total: 4500)
  Page 19: 250 products (total: 4750)
  Page 20: 250 products (total: 5000)
  Page 21: 250 products (total: 5250)
  Page 22: 250 products (total: 5500)
  Page 23: 250 products (total: 5750)
  Page 24: 250 products (total: 6000)
  Page 25: 250 products (total: 6250)
  Page 26: 250 products (total: 6500)
  Page 27: 250 products (total: 6750)
  Page 28: 250 products (total: 7000)
  Page 29: 250 products (total: 7250)
  Page 30: 250 products (total: 7500)
  Page 31: 250 products (total: 7750)
  Page 32: 250 products (total: 8000)
  Page 33: 207 products (total: 8207)

  Total products: 8207

  2946. *** MISSING ID ***  Rosetta Set Art Card
        Raw: Rosetta Set Art Card [] (Rosetta)  Cold Foil
        SKU: ROS-UNDEFINED-EN-CF-1

  6478. *** MISSING ID ***  Restless Bones (Yellow)
        Raw: Restless Bones (Yellow) (HIGH SEAS)
        SKU: HS--N-1

  6493. *** MISSING ID ***  Skullbone Crosswrap
        Raw: Skullbone Crosswrap - Cold Foil - PCG 9.5 Player Slab Slim
        SKU: 

  6494. *** MISSING ID ***  Teklo Foundry Heart
        Raw: Teklo Foundry Heart - Cold Foil - PCG 9.5 Player Slab Slim
        SKU: 

  6495. *** MISSING ID ***  Eye of Ophidia
        Raw: Eye of Ophidia - Cold Foil - PCG 9 Collector Slab
        SKU: 

  6726. *** MISSING ID ***  Rosetta Set Art Card
        Raw: Rosetta Set Art Card [] (Rosetta)
        SKU: ROS-UNDEFINED-EN-REG-1

  --- SUMMARY ---
  Total: 8207  |  Parsed OK: 8201  |  Missing ID: 6

  FAILED PRODUCTS:
    #2946: Rosetta Set Art Card [] (Rosetta)  Cold Foil
           SKU: ROS-UNDEFINED-EN-CF-1
    #6478: Restless Bones (Yellow) (HIGH SEAS)
           SKU: HS--N-1
    #6493: Skullbone Crosswrap - Cold Foil - PCG 9.5 Player Slab Slim
           SKU: 
    #6494: Teklo Foundry Heart - Cold Foil - PCG 9.5 Player Slab Slim
           SKU: 
    #6495: Eye of Ophidia - Cold Foil - PCG 9 Collector Slab
           SKU: 
    #6726: Rosetta Set Art Card [] (Rosetta)
           SKU: ROS-UNDEFINED-EN-REG-1


======================================================================
  Gobelin d'Argent
======================================================================
  Page 1: 250 products (total: 250)
  Page 2: 250 products (total: 500)
  Page 3: 250 products (total: 750)
  Page 4: 250 products (total: 1000)
  Page 5: 250 products (total: 1250)
  Page 6: 250 products (total: 1500)
  Page 7: 250 products (total: 1750)
  Page 8: 250 products (total: 2000)
  Page 9: 250 products (total: 2250)
  Page 10: 250 products (total: 2500)
  Page 11: 250 products (total: 2750)
  Page 12: 250 products (total: 3000)
  Page 13: 250 products (total: 3250)
  Page 14: 250 products (total: 3500)
  Page 15: 250 products (total: 3750)
  Page 16: 250 products (total: 4000)
  Page 17: 250 products (total: 4250)
  Page 18: 250 products (total: 4500)
  Page 19: 250 products (total: 4750)
  Page 20: 250 products (total: 5000)
  Page 21: 250 products (total: 5250)
  Page 22: 250 products (total: 5500)
  Page 23: 250 products (total: 5750)
  Page 24: 250 products (total: 6000)
  Page 25: 250 products (total: 6250)
  Page 26: 250 products (total: 6500)
  Page 27: 250 products (total: 6750)
  Page 28: 250 products (total: 7000)
  Page 29: 250 products (total: 7250)
  Page 30: 250 products (total: 7500)
  Page 31: 250 products (total: 7750)
  Page 32: 250 products (total: 8000)
  Page 33: 250 products (total: 8250)
  Page 34: 250 products (total: 8500)
  Page 35: 250 products (total: 8750)
  Page 36: 250 products (total: 9000)
  Page 37: 250 products (total: 9250)
  Page 38: 250 products (total: 9500)
  Page 39: 250 products (total: 9750)
  Page 40: 250 products (total: 10000)
  Page 41: 250 products (total: 10250)
  Page 42: 250 products (total: 10500)
  Page 43: 250 products (total: 10750)
  Page 44: 250 products (total: 11000)
  Page 45: 250 products (total: 11250)
  Page 46: 250 products (total: 11500)
  Page 47: 250 products (total: 11750)
  Page 48: 250 products (total: 12000)
  Page 49: 250 products (total: 12250)
  Page 50: 250 products (total: 12500)
  Page 51: 250 products (total: 12750)
  Page 52: 250 products (total: 13000)
  Page 53: 250 products (total: 13250)
  Page 54: 250 products (total: 13500)
  Page 55: 250 products (total: 13750)
  Page 56: 250 products (total: 14000)
  Page 57: 250 products (total: 14250)
  Page 58: 26 products (total: 14276)

  Total products: 14276

  3586. *** MISSING ID ***  Compendium of Rathe Art Cards û Riches of Tropal-Dhani
        Raw: Compendium of Rathe Art Cards û Riches of Tropal-Dhani (Full Set)
        SKU: None

  3587. *** MISSING ID ***  Compendium of Rathe Art Cards û Heart of Fyendal
        Raw: Compendium of Rathe Art Cards û Heart of Fyendal (Full Set)
        SKU: None

  3588. *** MISSING ID ***  Compendium of Rathe Art Cards û Eye of Ophidia
        Raw: Compendium of Rathe Art Cards û Eye of Ophidia (Full Set)
        SKU: None

  5333. *** MISSING ID ***  Rosetta Set Art Card
        Raw: Rosetta Set Art Card Cold Foil - Rosetta
        SKU: FAB-CF-4JGUZJPIVA-1

  7673. *** MISSING ID ***  The Hunted Art Card
        Raw: The Hunted Art Card - The Hunted
        SKU: FAB-N-EDGPEJIVWE-1

  7674. *** MISSING ID ***  The Hunted Art Card
        Raw: The Hunted Art Card (Cold Foil) Cold Foil - The Hunted
        SKU: FAB-CF-X0AVE3JOA6-1

  8113. *** MISSING ID ***  Sanctuary of Aria // Aurora, Shooting Star
        Raw: Sanctuary of Aria // Aurora, Shooting Star (Top right) (ROSPZL3) - Rosetta
        SKU: FAB-ROSPZL3-N-WX7DQJN8EZ-1

  8115. *** MISSING ID ***  Sanctuary of Aria // Aurora, Shooting Star
        Raw: Sanctuary of Aria // Aurora, Shooting Star (Center) (ROSPZL5) - Rosetta
        SKU: FAB-ROSPZL5-N-ZAQSDNRSLV-1

  8116. *** MISSING ID ***  Sanctuary of Aria // Aurora, Shooting Star
        Raw: Sanctuary of Aria // Aurora, Shooting Star (Middle right) (ROSPZL6) - Rosetta
        SKU: FAB-ROSPZL6-N-MORWIVUNVL-1

  8117. *** MISSING ID ***  Sanctuary of Aria // Aurora, Shooting Star
        Raw: Sanctuary of Aria // Aurora, Shooting Star (Bottom left) (ROSPZL7) - Rosetta
        SKU: FAB-ROSPZL7-N-ZHWSJ4MJWU-1

  8118. *** MISSING ID ***  Sanctuary of Aria // Aurora, Shooting Star
        Raw: Sanctuary of Aria // Aurora, Shooting Star (Bottom center) (ROSPZL8) - Rosetta
        SKU: FAB-ROSPZL8-N-ZFDA5W8Z4D-1

  8119. *** MISSING ID ***  Sanctuary of Aria // Aurora, Shooting Star
        Raw: Sanctuary of Aria // Aurora, Shooting Star (Bottom right) (ROSPZL9) - Rosetta
        SKU: FAB-ROSPZL9-N-JYPSCBRNUG-1

  8147. *** MISSING ID ***  Rosetta Set Art Card
        Raw: Rosetta Set Art Card - Rosetta
        SKU: FAB-N-4JGUZJPIVA-1

  --- SUMMARY ---
  Total: 14276  |  Parsed OK: 14263  |  Missing ID: 13

  FAILED PRODUCTS:
    #3586: Compendium of Rathe Art Cards û Riches of Tropal-Dhani (Full Set)
           SKU: None
    #3587: Compendium of Rathe Art Cards û Heart of Fyendal (Full Set)
           SKU: None
    #3588: Compendium of Rathe Art Cards û Eye of Ophidia (Full Set)
           SKU: None
    #5333: Rosetta Set Art Card Cold Foil - Rosetta
           SKU: FAB-CF-4JGUZJPIVA-1
    #7673: The Hunted Art Card - The Hunted
           SKU: FAB-N-EDGPEJIVWE-1
    #7674: The Hunted Art Card (Cold Foil) Cold Foil - The Hunted
           SKU: FAB-CF-X0AVE3JOA6-1
    #8113: Sanctuary of Aria // Aurora, Shooting Star (Top right) (ROSPZL3) - Rosetta
           SKU: FAB-ROSPZL3-N-WX7DQJN8EZ-1
    #8115: Sanctuary of Aria // Aurora, Shooting Star (Center) (ROSPZL5) - Rosetta
           SKU: FAB-ROSPZL5-N-ZAQSDNRSLV-1
    #8116: Sanctuary of Aria // Aurora, Shooting Star (Middle right) (ROSPZL6) - Rosetta
           SKU: FAB-ROSPZL6-N-MORWIVUNVL-1
    #8117: Sanctuary of Aria // Aurora, Shooting Star (Bottom left) (ROSPZL7) - Rosetta
           SKU: FAB-ROSPZL7-N-ZHWSJ4MJWU-1
    #8118: Sanctuary of Aria // Aurora, Shooting Star (Bottom center) (ROSPZL8) - Rosetta
           SKU: FAB-ROSPZL8-N-ZFDA5W8Z4D-1
    #8119: Sanctuary of Aria // Aurora, Shooting Star (Bottom right) (ROSPZL9) - Rosetta
           SKU: FAB-ROSPZL9-N-JYPSCBRNUG-1
    #8147: Rosetta Set Art Card - Rosetta
           SKU: FAB-N-4JGUZJPIVA-1


======================================================================
  Enter the Battlefield
======================================================================
  Page 1: 250 products (total: 250)
  Page 2: 250 products (total: 500)
  Page 3: 250 products (total: 750)
  Page 4: 250 products (total: 1000)
  Page 5: 250 products (total: 1250)
  Page 6: 250 products (total: 1500)
  Page 7: 250 products (total: 1750)
  Page 8: 250 products (total: 2000)
  Page 9: 250 products (total: 2250)
  Page 10: 250 products (total: 2500)
  Page 11: 250 products (total: 2750)
  Page 12: 250 products (total: 3000)
  Page 13: 250 products (total: 3250)
  Page 14: 250 products (total: 3500)
  Page 15: 250 products (total: 3750)
  Page 16: 250 products (total: 4000)
  Page 17: 250 products (total: 4250)
  Page 18: 250 products (total: 4500)
  HTTP 503 on page 19

  Total products: 4500

  2986. *** MISSING ID ***  Springboard Somersault
        Raw: Springboard Somersault [IRA012-P] 1st Edition Normal
        SKU: 

  3817. *** MISSING ID ***  Renounce Grandeur
        Raw: Renounce Grandeur - Flesh and Blood: Promo Cards Rainbow Foil
        SKU: FAB-RF-SEGZETLGRN-1

  3834. *** MISSING ID ***  Fault Line
        Raw: Fault Line - Flesh and Blood: Promo Cards Rainbow Foil
        SKU: FAB-RF-ZO1D6CXIDK-1

  --- SUMMARY ---
  Total: 4500  |  Parsed OK: 4497  |  Missing ID: 3

  FAILED PRODUCTS:
    #2986: Springboard Somersault [IRA012-P] 1st Edition Normal
           SKU: 
    #3817: Renounce Grandeur - Flesh and Blood: Promo Cards Rainbow Foil
           SKU: FAB-RF-SEGZETLGRN-1
    #3834: Fault Line - Flesh and Blood: Promo Cards Rainbow Foil
           SKU: FAB-RF-ZO1D6CXIDK-1

======================================================================
  GRAND TOTAL: 26983 products  |  Parsed OK: 26961  |  Missing ID: 22

  ALL FAILURES:
    [Invasion Comics] #2946: Rosetta Set Art Card [] (Rosetta)  Cold Foil
      SKU: ROS-UNDEFINED-EN-CF-1
    [Invasion Comics] #6478: Restless Bones (Yellow) (HIGH SEAS)
      SKU: HS--N-1
    [Invasion Comics] #6493: Skullbone Crosswrap - Cold Foil - PCG 9.5 Player Slab Slim
      SKU: 
    [Invasion Comics] #6494: Teklo Foundry Heart - Cold Foil - PCG 9.5 Player Slab Slim
      SKU: 
    [Invasion Comics] #6495: Eye of Ophidia - Cold Foil - PCG 9 Collector Slab
      SKU: 
    [Invasion Comics] #6726: Rosetta Set Art Card [] (Rosetta)
      SKU: ROS-UNDEFINED-EN-REG-1
    [Gobelin d'Argent] #3586: Compendium of Rathe Art Cards û Riches of Tropal-Dhani (Full Set)
      SKU: None
    [Gobelin d'Argent] #3587: Compendium of Rathe Art Cards û Heart of Fyendal (Full Set)
      SKU: None
    [Gobelin d'Argent] #3588: Compendium of Rathe Art Cards û Eye of Ophidia (Full Set)
      SKU: None
    [Gobelin d'Argent] #5333: Rosetta Set Art Card Cold Foil - Rosetta
      SKU: FAB-CF-4JGUZJPIVA-1
    [Gobelin d'Argent] #7673: The Hunted Art Card - The Hunted
      SKU: FAB-N-EDGPEJIVWE-1
    [Gobelin d'Argent] #7674: The Hunted Art Card (Cold Foil) Cold Foil - The Hunted
      SKU: FAB-CF-X0AVE3JOA6-1
    [Gobelin d'Argent] #8113: Sanctuary of Aria // Aurora, Shooting Star (Top right) (ROSPZL3) - Rosetta
      SKU: FAB-ROSPZL3-N-WX7DQJN8EZ-1
    [Gobelin d'Argent] #8115: Sanctuary of Aria // Aurora, Shooting Star (Center) (ROSPZL5) - Rosetta
      SKU: FAB-ROSPZL5-N-ZAQSDNRSLV-1
    [Gobelin d'Argent] #8116: Sanctuary of Aria // Aurora, Shooting Star (Middle right) (ROSPZL6) - Rosetta
      SKU: FAB-ROSPZL6-N-MORWIVUNVL-1
    [Gobelin d'Argent] #8117: Sanctuary of Aria // Aurora, Shooting Star (Bottom left) (ROSPZL7) - Rosetta
      SKU: FAB-ROSPZL7-N-ZHWSJ4MJWU-1
    [Gobelin d'Argent] #8118: Sanctuary of Aria // Aurora, Shooting Star (Bottom center) (ROSPZL8) - Rosetta
      SKU: FAB-ROSPZL8-N-ZFDA5W8Z4D-1
    [Gobelin d'Argent] #8119: Sanctuary of Aria // Aurora, Shooting Star (Bottom right) (ROSPZL9) - Rosetta
      SKU: FAB-ROSPZL9-N-JYPSCBRNUG-1
    [Gobelin d'Argent] #8147: Rosetta Set Art Card - Rosetta
      SKU: FAB-N-4JGUZJPIVA-1
    [Enter the Battlefield] #2986: Springboard Somersault [IRA012-P] 1st Edition Normal
      SKU: 
    [Enter the Battlefield] #3817: Renounce Grandeur - Flesh and Blood: Promo Cards Rainbow Foil
      SKU: FAB-RF-SEGZETLGRN-1
    [Enter the Battlefield] #3834: Fault Line - Flesh and Blood: Promo Cards Rainbow Foil
      SKU: FAB-RF-ZO1D6CXIDK-1
======================================================================
